<html>
<body>
<pre>
<h1>µVision Build Log</h1>
<h2>Tool Versions:</h2>
IDE-Version: µVision V5.23.0.0
Copyright (C) 2017 ARM Ltd and ARM Germany GmbH. All rights reserved.
License Information: »‚‡Ì ‘ËÎËÌ, BMSTU named Bauman, LIC=----
 
Tool Versions:
Toolchain:       MDK-Lite  Version: 5.23
Toolchain Path:  C:\Keil_v5\ARM\ARMCC\Bin
C Compiler:      Armcc.exe V5.06 update 4 (build 422)
Assembler:       Armasm.exe V5.06 update 4 (build 422)
Linker/Locator:  ArmLink.exe V5.06 update 4 (build 422)
Library Manager: ArmAr.exe V5.06 update 4 (build 422)
Hex Converter:   FromElf.exe V5.06 update 4 (build 422)
CPU DLL:         SARMCM3.DLL V5.23
Dialog DLL:      DCM.DLL V1.15.0.0
Target DLL:      STLink\ST-LINKIII-KEIL_SWO.dll V2.0.18.0
Dialog DLL:      TCM.DLL V1.27.0.0
 
<h2>Project:</h2>
D:\STM32\USART_12345\MDK-ARM\USART_12345.uvprojx
Project File Date:  09/24/2020

<h2>Output:</h2>
*** Using Compiler 'V5.06 update 4 (build 422)', folder: 'C:\Keil_v5\ARM\ARMCC\Bin'
Build target 'USART_12345'
compiling main.c...
../Src/main.c(75): warning:  #177-D: variable "i"  was declared but never referenced
  	 int i,j;
../Src/main.c(75): warning:  #177-D: variable "j"  was declared but never referenced
  	 int i,j;
../Src/main.c(169): warning:  #177-D: variable "i"  was declared but never referenced
  	int i=0,j=0,a,c, v=3;
../Src/main.c(169): warning:  #177-D: variable "j"  was declared but never referenced
  	int i=0,j=0,a,c, v=3;
../Src/main.c(169): warning:  #177-D: variable "a"  was declared but never referenced
  	int i=0,j=0,a,c, v=3;
../Src/main.c(169): warning:  #177-D: variable "c"  was declared but never referenced
  	int i=0,j=0,a,c, v=3;
../Src/main.c: 6 warnings, 0 errors
linking...
Program Size: Code=5944 RO-data=680 RW-data=16 ZI-data=1152  
FromELF: creating hex file...
"USART_12345\USART_12345.axf" - 0 Error(s), 6 Warning(s).

<h2>Software Packages used:</h2>

Package Vendor: ARM
                http://www.keil.com/pack/ARM.CMSIS.5.6.0.pack
                ARM::CMSIS:CORE:5.3.0
                CMSIS (Cortex Microcontroller Software Interface Standard)
   * Component: CORE Version: 5.3.0

<h2>Collection of Component include folders:</h2>
  .\RTE\_USART_12345
  C:\Users\User\AppData\Local\Arm\Packs\ARM\CMSIS\5.6.0\CMSIS\Core\Include
  C:\Users\User\AppData\Local\Arm\Packs\Keil\STM32F1xx_DFP\2.3.0\Device\Include

<h2>Collection of Component Files used:</h2>

   * Component: ARM::CMSIS:CORE:5.3.0
Build Time Elapsed:  00:00:01
</pre>
</body>
</html>
